..............................                                           [100%]
30 passed in 0.61s
